2026-09-26T18:56:15+01:00 root-v110-r01.txt exit=0 last=PASS
2026-09-26T18:57:11+01:00 root-v130-r01.txt exit=0 last=PASS
2026-09-26T18:58:17+01:00 pa-v110-r01.txt exit=0 last=PASS
2026-09-26T18:59:28+01:00 pa-v130-r01.txt exit=0 last=PASS
2026-09-26T19:00:25+01:00 root-v130aa-r01.txt exit=0 last=PASS
2026-09-26T19:01:22+01:00 root-v130aa-r02.txt exit=0 last=PASS
2026-09-26T19:02:29+01:00 pa-v130-r02.txt exit=0 last=PASS
2026-09-26T19:03:34+01:00 pa-v110-r02.txt exit=0 last=PASS
2026-09-26T19:04:31+01:00 root-v130-r02.txt exit=0 last=PASS
2026-09-26T19:04:55+01:00 root-v110-r02.txt exit=0 last=PASS
2026-09-26T19:05:19+01:00 root-v110-r03.txt exit=0 last=PASS
2026-09-26T19:06:16+01:00 root-v130-r03.txt exit=0 last=PASS
2026-09-26T19:07:23+01:00 pa-v110-r03.txt exit=0 last=PASS
2026-09-26T19:08:30+01:00 pa-v130-r03.txt exit=0 last=PASS
2026-09-26T19:09:27+01:00 root-v130aa-r03.txt exit=0 last=PASS
2026-09-26T19:10:24+01:00 root-v130aa-r04.txt exit=0 last=PASS
2026-09-26T19:11:31+01:00 pa-v130-r04.txt exit=0 last=PASS
2026-09-26T19:12:36+01:00 pa-v110-r04.txt exit=0 last=PASS
2026-09-26T19:13:33+01:00 root-v130-r04.txt exit=0 last=PASS
2026-09-26T19:13:57+01:00 root-v110-r04.txt exit=0 last=PASS
2026-09-26T19:14:21+01:00 root-v110-r05.txt exit=0 last=PASS
2026-09-26T19:15:18+01:00 root-v130-r05.txt exit=0 last=PASS
2026-09-26T19:16:23+01:00 pa-v110-r05.txt exit=0 last=PASS
2026-09-26T19:17:30+01:00 pa-v130-r05.txt exit=0 last=PASS
2026-09-26T19:18:27+01:00 root-v130aa-r05.txt exit=0 last=PASS
2026-09-26T19:19:23+01:00 root-v130aa-r06.txt exit=0 last=PASS
2026-09-26T19:20:31+01:00 pa-v130-r06.txt exit=0 last=PASS
2026-09-26T19:21:36+01:00 pa-v110-r06.txt exit=0 last=PASS
2026-09-26T19:22:33+01:00 root-v130-r06.txt exit=0 last=PASS
2026-09-26T19:22:57+01:00 root-v110-r06.txt exit=0 last=PASS
2026-09-26T19:23:21+01:00 root-v110-r07.txt exit=0 last=PASS
2026-09-26T19:24:18+01:00 root-v130-r07.txt exit=0 last=PASS
2026-09-26T19:25:24+01:00 pa-v110-r07.txt exit=0 last=PASS
2026-09-26T19:26:31+01:00 pa-v130-r07.txt exit=0 last=PASS
2026-09-26T19:27:27+01:00 root-v130aa-r07.txt exit=0 last=PASS
2026-09-26T19:28:24+01:00 root-v130aa-r08.txt exit=0 last=PASS
2026-09-26T19:29:32+01:00 pa-v130-r08.txt exit=0 last=PASS
2026-09-26T19:30:36+01:00 pa-v110-r08.txt exit=0 last=PASS
2026-09-26T19:31:33+01:00 root-v130-r08.txt exit=0 last=PASS
2026-09-26T19:31:57+01:00 root-v110-r08.txt exit=0 last=PASS
2026-09-26T19:32:21+01:00 root-v110-r09.txt exit=0 last=PASS
2026-09-26T19:33:18+01:00 root-v130-r09.txt exit=0 last=PASS
2026-09-26T19:34:23+01:00 pa-v110-r09.txt exit=0 last=PASS
2026-09-26T19:35:30+01:00 pa-v130-r09.txt exit=0 last=PASS
2026-09-26T19:36:26+01:00 root-v130aa-r09.txt exit=0 last=PASS
2026-09-26T19:37:23+01:00 root-v130aa-r10.txt exit=0 last=PASS
2026-09-26T19:38:30+01:00 pa-v130-r10.txt exit=0 last=PASS
2026-09-26T19:39:35+01:00 pa-v110-r10.txt exit=0 last=PASS
2026-09-26T19:40:31+01:00 root-v130-r10.txt exit=0 last=PASS
2026-09-26T19:40:55+01:00 root-v110-r10.txt exit=0 last=PASS
2026-09-26T19:42:09+01:00 competitor-v130-r01.txt exit=0 last=PASS
2026-09-26T19:42:35+01:00 middleware-v130-r01.txt exit=0 last=PASS
2026-09-26T19:44:11+01:00 wastehunt-v130-r01.txt exit=0 last=PASS
2026-09-26T19:45:26+01:00 competitor-v130-r02.txt exit=0 last=PASS
2026-09-26T19:45:51+01:00 middleware-v130-r02.txt exit=0 last=PASS
2026-09-26T19:47:28+01:00 wastehunt-v130-r02.txt exit=0 last=PASS
2026-09-26T19:48:42+01:00 competitor-v130-r03.txt exit=0 last=PASS
2026-09-26T19:49:07+01:00 middleware-v130-r03.txt exit=0 last=PASS
2026-09-26T19:50:43+01:00 wastehunt-v130-r03.txt exit=0 last=PASS
2026-09-26T19:51:56+01:00 competitor-v130-r04.txt exit=0 last=PASS
2026-09-26T19:52:22+01:00 middleware-v130-r04.txt exit=0 last=PASS
2026-09-26T19:53:57+01:00 wastehunt-v130-r04.txt exit=0 last=PASS
2026-09-26T19:55:11+01:00 competitor-v130-r05.txt exit=0 last=PASS
2026-09-26T19:55:37+01:00 middleware-v130-r05.txt exit=0 last=PASS
2026-09-26T19:57:12+01:00 wastehunt-v130-r05.txt exit=0 last=PASS
2026-09-26T19:58:26+01:00 competitor-v130-r06.txt exit=0 last=PASS
2026-09-26T19:58:52+01:00 middleware-v130-r06.txt exit=0 last=PASS
2026-09-26T20:00:27+01:00 wastehunt-v130-r06.txt exit=0 last=PASS
2026-09-26T20:01:41+01:00 competitor-v130-r07.txt exit=0 last=PASS
2026-09-26T20:02:07+01:00 middleware-v130-r07.txt exit=0 last=PASS
2026-09-26T20:03:42+01:00 wastehunt-v130-r07.txt exit=0 last=PASS
2026-09-26T20:04:56+01:00 competitor-v130-r08.txt exit=0 last=PASS
2026-09-26T20:05:22+01:00 middleware-v130-r08.txt exit=0 last=PASS
2026-09-26T20:06:57+01:00 wastehunt-v130-r08.txt exit=0 last=PASS
2026-09-26T20:08:11+01:00 competitor-v130-r09.txt exit=0 last=PASS
2026-09-26T20:08:37+01:00 middleware-v130-r09.txt exit=0 last=PASS
2026-09-26T20:10:13+01:00 wastehunt-v130-r09.txt exit=0 last=PASS
2026-09-26T20:11:26+01:00 competitor-v130-r10.txt exit=0 last=PASS
2026-09-26T20:11:52+01:00 middleware-v130-r10.txt exit=0 last=PASS
2026-09-26T20:13:28+01:00 wastehunt-v130-r10.txt exit=0 last=PASS
